[    2381ms] [INFO] %cDownload the React DevTools for a better development experience: https://react.dev/link/react-devtools font-weight:bold @ http://localhost:3000/_next/static/chunks/node_modules_next_dist_1ybzpk2._.js:2477
[    2527ms] [LOG] [HMR] connected @ http://localhost:3000/_next/static/chunks/node_modules_next_dist_1ybzpk2._.js:2477
[    2834ms] [ERROR] Each child in a list should have a unique "key" prop.%s%s See https://react.dev/link/warning-keys for more information. 

Check the render method of `StudyPlan`.  @ http://localhost:3000/_next/static/chunks/node_modules_next_dist_1ybzpk2._.js:3318
[   80330ms] [INFO] %cDownload the React DevTools for a better development experience: https://react.dev/link/react-devtools font-weight:bold @ http://localhost:3000/_next/static/chunks/node_modules_next_dist_1ybzpk2._.js:2477
[   80355ms] [LOG] [HMR] connected @ http://localhost:3000/_next/static/chunks/node_modules_next_dist_1ybzpk2._.js:2477
[  147906ms] [INFO] %cDownload the React DevTools for a better development experience: https://react.dev/link/react-devtools font-weight:bold @ http://localhost:3000/_next/static/chunks/node_modules_next_dist_1ybzpk2._.js:2477
[  147947ms] [LOG] [HMR] connected @ http://localhost:3000/_next/static/chunks/node_modules_next_dist_1ybzpk2._.js:2477
[  241650ms] [INFO] %cDownload the React DevTools for a better development experience: https://react.dev/link/react-devtools font-weight:bold @ http://localhost:3000/_next/static/chunks/node_modules_next_dist_1ybzpk2._.js:2477
[  241690ms] [LOG] [HMR] connected @ http://localhost:3000/_next/static/chunks/node_modules_next_dist_1ybzpk2._.js:2477
[  347958ms] [INFO] %cDownload the React DevTools for a better development experience: https://react.dev/link/react-devtools font-weight:bold @ http://localhost:3000/_next/static/chunks/node_modules_next_dist_1ybzpk2._.js:2477
[  348001ms] [LOG] [HMR] connected @ http://localhost:3000/_next/static/chunks/node_modules_next_dist_1ybzpk2._.js:2477
[  558632ms] [ERROR] Failed to load resource: the server responded with a status of 500 (Internal Server Error) @ http://localhost:3000/programas/ingenieria-ia-big-data?_rsc=cwT8MkwV0ikPL9V7:0
[  563131ms] [INFO] %cDownload the React DevTools for a better development experience: https://react.dev/link/react-devtools font-weight:bold @ http://localhost:3000/_next/static/chunks/node_modules_next_dist_1ybzpk2._.js:2477
[  563177ms] [LOG] [HMR] connected @ http://localhost:3000/_next/static/chunks/node_modules_next_dist_1ybzpk2._.js:2477
[  605208ms] [ERROR] Failed to load resource: the server responded with a status of 500 (Internal Server Error) @ http://localhost:3000/programas/ingenieria-ia-big-data?_rsc=cwT8MkwV0ikPL9V7:0
[  605738ms] [ERROR] Failed to load resource: the server responded with a status of 500 (Internal Server Error) @ http://localhost:3000/programas/ingenieria-ia-big-data?_rsc=cwT8MkwV0ikPL9V7:0
[  605780ms] [ERROR] Failed to load resource: the server responded with a status of 500 (Internal Server Error) @ http://localhost:3000/programas/ingenieria-ia-big-data:0
[  606291ms] [INFO] %cDownload the React DevTools for a better development experience: https://react.dev/link/react-devtools font-weight:bold @ http://localhost:3000/_next/static/chunks/node_modules_react-dom_0kla17-._.js:15305
[  606372ms] Error: Could not parse module '[project]/node_modules/next/app.js', file not found
    at module evaluation (http://localhost:3000/_next/static/chunks/1-4i_next_app_0yrdk3r.js:4:11)
    at http://localhost:3000/_next/static/chunks/turbopack-%5Bproject%5D_pages__app_01a1bus._.js:1307:27
    at runModuleExecutionHooks (http://localhost:3000/_next/static/chunks/turbopack-%5Bproject%5D_pages__app_01a1bus._.js:1636:13)
    at instantiateModuleShared (http://localhost:3000/_next/static/chunks/turbopack-%5Bproject%5D_pages__app_01a1bus._.js:1305:9)
    at instantiateModule (http://localhost:3000/_next/static/chunks/turbopack-%5Bproject%5D_pages__app_01a1bus._.js:1621:12)
    at getOrInstantiateModuleFromParent (http://localhost:3000/_next/static/chunks/turbopack-%5Bproject%5D_pages__app_01a1bus._.js:1604:12)
    at DevContext.commonJsRequire [as r] (http://localhost:3000/_next/static/chunks/turbopack-%5Bproject%5D_pages__app_01a1bus._.js:299:12)
    at http://localhost:3000/_next/static/chunks/%5Bnext%5D_entry_page-loader_ts_0z3haqk._.js:8:38
    at http://localhost:3000/_next/static/chunks/node_modules_next_dist_client_16lnmlo._.js:694:51
[  606372ms] [LOG] [HMR] connected @ http://localhost:3000/_next/static/chunks/node_modules_next_dist_0zk-zb1._.js:1226
[  606376ms] [ERROR] ./src/app/programas/[slug]/page.tsx:8:1
Module not found: Can't resolve '@/components/program-insights'
   6 | import { BreadcrumbTrail } from "@/components/breadcrumb-trail";
   7 | import { ProgramCard } from "@/components/program-card";
>  8 | import { ProgramInsights } from "@/components/program-insights";
     | ^^^^^^^^^^^^^^^^^^^^^^^^^^^^^^^^^^^^^^^^^^^^^^^^^^^^^^^^^^^^^^^^
   9 | import { StudyPlan, StudyPlanOverview } from "@/components/study-plan";
  10 | import { WhatsAppButton } from "@/components/whatsapp-button";
  11 | import { getProgramStory } from "@/data/program-stories";

Import map: aliased to relative './src/components/program-insights' inside of [project]/

https://nextjs.org/docs/messages/module-not-found @ http://localhost:3000/_next/static/chunks/node_modules_next_dist_0zk-zb1._.js:1945
[  613036ms] [ERROR] Failed to load resource: net::ERR_CONNECTION_RESET @ http://localhost:3000/_next/image?url=%2Flogos%2FLogo%20Horizontal%2Fazul.png&w=256&q=75:0
[  613045ms] [ERROR] Failed to load resource: net::ERR_CONNECTION_RESET @ http://localhost:3000/programas/ingenieria-ia-big-data:0
[  613054ms] [ERROR] Failed to load resource: net::ERR_CONNECTION_RESET @ http://localhost:3000/_next/static/chunks/src_app_globals_162hn9o.css:0
[  613096ms] [ERROR] Failed to load resource: net::ERR_CONNECTION_RESET @ http://localhost:3000/_next/image?url=%2Fimages%2FSISTEMAS-COMPUTACIONALES.png&w=828&q=75:0
[  613096ms] [ERROR] Failed to load resource: net::ERR_CONNECTION_RESET @ http://localhost:3000/_next/static/chunks/%5Bturbopack%5D_browser_dev_hmr-client_hmr-client_ts_1xx01vv._.js:0
